all-regions.multi-max.all.373.out max: 8831 top5 mean: 8371 mean: 4884
all-regions.multi-max.all.382.out max: 8642 top5 mean: 8170 mean: 4931
all-regions.multi-max.AWS.373.out max: 4100 top5 mean: 3731 mean: 2705
all-regions.multi-max.AWS.382.out max: 4077 top5 mean: 3860 mean: 3038
all-regions.multi-max.AZURE.373.out max: 2390 top5 mean: 2327 mean: 2113
all-regions.multi-max.AZURE.382.out max: 2363 top5 mean: 2326 mean: 2103
all-regions.multi-max.GCP.373.out max: 3401 top5 mean: 2930 mean: 1617
all-regions.multi-max.GCP.382.out max: 2567 top5 mean: 2447 mean: 1644
all-regions.multi-max-long.all.658.out max: 9109 top5 mean: 8945 mean: 5122
all-regions.multi-max-long.all.667.out max: 9732 top5 mean: 9099 mean: 5514
all-regions.multi-max-long.AWS.658.out max: 5056 top5 mean: 4477 mean: 4103
all-regions.multi-max-long.AWS.667.out max: 4641 top5 mean: 4476 mean: 4240
all-regions.multi-max-long.AZURE.658.out max: 2302 top5 mean: 2247 mean: 2007
all-regions.multi-max-long.AZURE.667.out max: 2312 top5 mean: 2228 mean: 1912
all-regions.multi-max-long.GCP.658.out max: 3422 top5 mean: 3322 mean: 1704
all-regions.multi-max-long.GCP.667.out max: 3755 top5 mean: 3156 mean: 1827
all-regions.multi-world-long.all.676.out max: 11627 top5 mean: 10895 mean: 5138
all-regions.multi-world-long.AWS.676.out max: 5840 top5 mean: 5305 mean: 4417
all-regions.multi-world-long.AZURE.676.out max: 2409 top5 mean: 2356 mean: 1814
all-regions.multi-world-long.GCP.676.out max: 4557 top5 mean: 4073 mean: 2779
data.AWS-ap-northeast-1.650.out max: 1323 top5 mean: 1292 mean: 1085
data.AWS-ap-southeast-1.647.out max: 1319 top5 mean: 1285 mean: 1067
data.AWS-eu-central-1.636.out max: 5178 top5 mean: 4968 mean: 4494
data.AWS-eu-west-1.630.out max: 9754 top5 mean: 9026 mean: 8183
data.AWS-us-east-1.265.out max: 6889 top5 mean: 6600 mean: 6018
data.AWS-us-east-1.277.out max: 7482 top5 mean: 6833 mean: 6202
data.AWS-us-east-1.297.out max: 6220 top5 mean: 6079 mean: 5745
data.AWS-us-east-1.318.out max: 6192 top5 mean: 6063 mean: 4951
data.AWS-us-east-1.500.out max: 6845 top5 mean: 6659 mean: 6283
data.AWS-us-east-1.525.out max: 7240 top5 mean: 6713 mean: 5822
data.AWS-us-east-1.549.out max: 6752 top5 mean: 6600 mean: 6101
data.AWS-us-east-1.641.out max: 7908 top5 mean: 6912 mean: 6401
data.AWS-us-east-2.603.out max: 7293 top5 mean: 6407 mean: 5784
data.AWS-us-west-2.255.out max: 7331 top5 mean: 6853 mean: 5488
data.AWS-us-west-2.260.out max: 7295 top5 mean: 6534 mean: 5177
data.AWS-us-west-2.274.out max: 6638 top5 mean: 6472 mean: 4970
data.AWS-us-west-2.286.out max: 6648 top5 mean: 6184 mean: 4960
data.AWS-us-west-2.308.out max: 3732 top5 mean: 3624 mean: 2610
data.AWS-us-west-2.332.out max: 3820 top5 mean: 3728 mean: 2681
data.AWS-us-west-2.513.out max: 3921 top5 mean: 3772 mean: 2633
data.AWS-us-west-2.537.out max: 3784 top5 mean: 3706 mean: 2453
data.AWS-us-west-2.561.out max: 3847 top5 mean: 3821 mean: 2655
data.AWS-us-west-2.644.out max: 7043 top5 mean: 6664 mean: 5142
data.AZURE-australiaeast.624.out max: 2369 top5 mean: 2273 mean: 1873
data.AZURE-CanadaCentral.609.out max: 3578 top5 mean: 3453 mean: 2964
data.AZURE-CanadaCentral.615.out max: 3713 top5 mean: 3512 mean: 2988
data.AZURE-eastus.267.out max: 3425 top5 mean: 3368 mean: 2999
data.AZURE-eastus.279.out max: 2711 top5 mean: 2629 mean: 2307
data.AZURE-eastus.299.out max: 3500 top5 mean: 3371 mean: 3032
data.AZURE-eastus.321.out max: 3668 top5 mean: 3551 mean: 3089
data.AZURE-eastus.402.out max: 3696 top5 mean: 3570 mean: 3073
data.AZURE-eastus.415.out max: 3666 top5 mean: 3617 mean: 3077
data.AZURE-eastus.432.out max: 3784 top5 mean: 3602 mean: 3074
data.AZURE-eastus.446.out max: 3650 top5 mean: 3626 mean: 3123
data.AZURE-eastus.464.out max: 3783 top5 mean: 3687 mean: 3104
data.AZURE-eastus.528.out max: 3505 top5 mean: 3440 mean: 3049
data.AZURE-eastus.552.out max: 3773 top5 mean: 3604 mean: 3085
data.AZURE-japaneast.627.out max: 2496 top5 mean: 2467 mean: 2075
data.AZURE-southcentralus.262.out max: 3359 top5 mean: 3213 mean: 2810
data.AZURE-southcentralus.269.out max: 3633 top5 mean: 3479 mean: 3060
data.AZURE-southcentralus.281.out max: 2707 top5 mean: 2663 mean: 2308
data.AZURE-southcentralus.301.out max: 3475 top5 mean: 3411 mean: 2977
data.AZURE-southcentralus.313.out max: 3669 top5 mean: 3387 mean: 2873
data.AZURE-southcentralus.324.out max: 3643 top5 mean: 3469 mean: 3083
data.AZURE-southcentralus.412.out max: 3654 top5 mean: 3530 mean: 2964
data.AZURE-southcentralus.427.out max: 3647 top5 mean: 3516 mean: 2988
data.AZURE-southcentralus.443.out max: 3518 top5 mean: 3452 mean: 2891
data.AZURE-southcentralus.461.out max: 3604 top5 mean: 3581 mean: 3055
data.AZURE-southcentralus.522.out max: 3484 top5 mean: 3377 mean: 2785
data.AZURE-southcentralus.546.out max: 3625 top5 mean: 3502 mean: 3051
data.AZURE-southeastasia.618.out max: 2270 top5 mean: 2174 mean: 1774
data.AZURE-uksouth.621.out max: 2450 top5 mean: 2393 mean: 1996
data.AZURE-westeurope.606.out max: 3737 top5 mean: 3523 mean: 2886
data.AZURE-westeurope.612.out max: 3463 top5 mean: 3407 mean: 2995
data.AZURE-westus2.257.out max: 3489 top5 mean: 3343 mean: 2878
data.AZURE-westus2.271.out max: 3665 top5 mean: 3580 mean: 3075
data.AZURE-westus2.283.out max: 2746 top5 mean: 2617 mean: 2241
data.AZURE-westus2.329.out max: 3697 top5 mean: 3598 mean: 3086
data.AZURE-westus2.393.out max: 2819 top5 mean: 2740 mean: 2391
data.AZURE-westus2.407.out max: 3465 top5 mean: 3364 mean: 3034
data.AZURE-westus2.420.out max: 3676 top5 mean: 3580 mean: 3067
data.AZURE-westus2.437.out max: 3607 top5 mean: 3565 mean: 2992
data.AZURE-westus2.452.out max: 3550 top5 mean: 3462 mean: 3057
data.AZURE-westus2.470.out max: 3654 top5 mean: 3592 mean: 3090
data.AZURE-westus2.510.out max: 3423 top5 mean: 3325 mean: 2874
data.AZURE-westus2.534.out max: 3414 top5 mean: 3356 mean: 2255
data.AZURE-westus2.558.out max: 3619 top5 mean: 3545 mean: 3037
data.GCP-asia-east1.585.out max: 9930 top5 mean: 9608 mean: 7394
data.GCP-asia-northeast1.594.out max: 10003 top5 mean: 9753 mean: 7656
data.GCP-asia-northeast1.600.out max: 10169 top5 mean: 9847 mean: 7757
data.GCP-asia-southeast1.591.out max: 2989 top5 mean: 2770 mean: 1745
data.GCP-asia-southeast1.597.out max: 5201 top5 mean: 4686 mean: 1945
data.GCP-europe-west1.399.out max: 8627 top5 mean: 8061 mean: 2907
data.GCP-europe-west4.582.out max: 9393 top5 mean: 8203 mean: 3319
data.GCP-us-central1.293.out max: 4586 top5 mean: 4498 mean: 2203
data.GCP-us-central1.303.out max: 4216 top5 mean: 4050 mean: 1976
data.GCP-us-central1.326.out max: 3937 top5 mean: 3608 mean: 1968
data.GCP-us-central1.458.out max: 9926 top5 mean: 7931 mean: 1600
data.GCP-us-central1.476.out max: 10029 top5 mean: 9487 mean: 1770
data.GCP-us-central1.543.out max: 6777 top5 mean: 5077 mean: 1911
data.GCP-us-central1.567.out max: 8780 top5 mean: 7231 mean: 1978
data.GCP-us-east1.289.out max: 4267 top5 mean: 4189 mean: 2548
data.GCP-us-east1.315.out max: 4205 top5 mean: 3815 mean: 1963
data.GCP-us-east1.336.out max: 4406 top5 mean: 4012 mean: 2191
data.GCP-us-east1.404.out max: 8908 top5 mean: 8082 mean: 2085
data.GCP-us-east1.417.out max: 9078 top5 mean: 8123 mean: 1880
data.GCP-us-east1.434.out max: 8234 top5 mean: 6581 mean: 2120
data.GCP-us-east1.449.out max: 7766 top5 mean: 6541 mean: 1939
data.GCP-us-east1.467.out max: 8338 top5 mean: 6660 mean: 2143
data.GCP-us-east1.555.out max: 9076 top5 mean: 8369 mean: 2187
data.GCP-us-east1.576.out max: 5304 top5 mean: 3573 mean: 1506
data.GCP-us-west1.291.out max: 4574 top5 mean: 4202 mean: 2108
data.GCP-us-west1.310.out max: 4476 top5 mean: 4165 mean: 2377
data.GCP-us-west1.334.out max: 4340 top5 mean: 4154 mean: 2248
data.GCP-us-west1.395.out max: 9176 top5 mean: 8009 mean: 2760
data.GCP-us-west1.409.out max: 9303 top5 mean: 8711 mean: 2426
data.GCP-us-west1.422.out max: 9423 top5 mean: 8708 mean: 2375
data.GCP-us-west1.440.out max: 8877 top5 mean: 7941 mean: 2445
data.GCP-us-west1.455.out max: 8807 top5 mean: 7084 mean: 2063
data.GCP-us-west1.473.out max: 8265 top5 mean: 7727 mean: 2205
data.GCP-us-west1.575.out max: 7765 top5 mean: 6372 mean: 1253
data.GCP-us-west1.579.out max: 6793 top5 mean: 5675 mean: 2931
data.GCP-us-west1.588.out max: 10419 top5 mean: 9828 mean: 4788
standard.data.GCP-us-east1.485.out max: 10158 top5 mean: 9905 mean: 5149
standard.data.GCP-us-east1.494.out max: 10223 top5 mean: 9941 mean: 4974
standard.data.GCP-us-east1.507.out max: 9558 top5 mean: 9075 mean: 3204
standard.data.GCP-us-east1.531.out max: 10629 top5 mean: 10035 mean: 4919
standard.data.GCP-us-west1.488.out max: 2481 top5 mean: 2438 mean: 2100
standard.data.GCP-us-west1.497.out max: 2537 top5 mean: 2513 mean: 2188
standard.data.GCP-us-west1.516.out max: 2534 top5 mean: 2451 mean: 2117
