all-regions.multi-max.all.373.out max: 8831
all-regions.multi-max.all.382.out max: 8642
all-regions.multi-max.AWS.373.out max: 4100
all-regions.multi-max.AWS.382.out max: 4077
all-regions.multi-max.AZURE.373.out max: 2390
all-regions.multi-max.AZURE.382.out max: 2363
all-regions.multi-max.GCP.373.out max: 3401
all-regions.multi-max.GCP.382.out max: 2567
all-regions.multi-max-long.all.658.out max: 9109
all-regions.multi-max-long.all.667.out max: 9732
all-regions.multi-max-long.AWS.658.out max: 5056
all-regions.multi-max-long.AWS.667.out max: 4641
all-regions.multi-max-long.AZURE.658.out max: 2302
all-regions.multi-max-long.AZURE.667.out max: 2312
all-regions.multi-max-long.GCP.658.out max: 3422
all-regions.multi-max-long.GCP.667.out max: 3755
all-regions.multi-world-long.all.676.out max: 11627
all-regions.multi-world-long.AWS.676.out max: 5840
all-regions.multi-world-long.AZURE.676.out max: 2409
all-regions.multi-world-long.GCP.676.out max: 4557
data.AWS-ap-northeast-1.650.out max: 1323
data.AWS-ap-southeast-1.647.out max: 1319
data.AWS-eu-central-1.636.out max: 5178
data.AWS-eu-west-1.630.out max: 9754
data.AWS-us-east-1.265.out max: 6889
data.AWS-us-east-1.277.out max: 7482
data.AWS-us-east-1.297.out max: 6220
data.AWS-us-east-1.318.out max: 6192
data.AWS-us-east-1.500.out max: 6845
data.AWS-us-east-1.525.out max: 7240
data.AWS-us-east-1.549.out max: 6752
data.AWS-us-east-1.641.out max: 7908
data.AWS-us-east-2.603.out max: 7293
data.AWS-us-west-2.255.out max: 7331
data.AWS-us-west-2.260.out max: 7295
data.AWS-us-west-2.274.out max: 6638
data.AWS-us-west-2.286.out max: 6648
data.AWS-us-west-2.308.out max: 3732
data.AWS-us-west-2.332.out max: 3820
data.AWS-us-west-2.513.out max: 3921
data.AWS-us-west-2.537.out max: 3784
data.AWS-us-west-2.561.out max: 3847
data.AWS-us-west-2.644.out max: 7043
data.AZURE-australiaeast.624.out max: 2369
data.AZURE-CanadaCentral.609.out max: 3578
data.AZURE-CanadaCentral.615.out max: 3713
data.AZURE-eastus.267.out max: 3425
data.AZURE-eastus.279.out max: 2711
data.AZURE-eastus.299.out max: 3500
data.AZURE-eastus.321.out max: 3668
data.AZURE-eastus.402.out max: 3696
data.AZURE-eastus.415.out max: 3666
data.AZURE-eastus.432.out max: 3784
data.AZURE-eastus.446.out max: 3650
data.AZURE-eastus.464.out max: 3783
data.AZURE-eastus.528.out max: 3505
data.AZURE-eastus.552.out max: 3773
data.AZURE-japaneast.627.out max: 2496
data.AZURE-southcentralus.262.out max: 3359
data.AZURE-southcentralus.269.out max: 3633
data.AZURE-southcentralus.281.out max: 2707
data.AZURE-southcentralus.301.out max: 3475
data.AZURE-southcentralus.313.out max: 3669
data.AZURE-southcentralus.324.out max: 3643
data.AZURE-southcentralus.412.out max: 3654
data.AZURE-southcentralus.427.out max: 3647
data.AZURE-southcentralus.443.out max: 3518
data.AZURE-southcentralus.461.out max: 3604
data.AZURE-southcentralus.522.out max: 3484
data.AZURE-southcentralus.546.out max: 3625
data.AZURE-southeastasia.618.out max: 2270
data.AZURE-uksouth.621.out max: 2450
data.AZURE-westeurope.606.out max: 3737
data.AZURE-westeurope.612.out max: 3463
data.AZURE-westus2.257.out max: 3489
data.AZURE-westus2.271.out max: 3665
data.AZURE-westus2.283.out max: 2746
data.AZURE-westus2.329.out max: 3697
data.AZURE-westus2.393.out max: 2819
data.AZURE-westus2.407.out max: 3465
data.AZURE-westus2.420.out max: 3676
data.AZURE-westus2.437.out max: 3607
data.AZURE-westus2.452.out max: 3550
data.AZURE-westus2.470.out max: 3654
data.AZURE-westus2.510.out max: 3423
data.AZURE-westus2.534.out max: 3414
data.AZURE-westus2.558.out max: 3619
data.GCP-asia-east1.585.out max: 9930
data.GCP-asia-northeast1.594.out max: 10003
data.GCP-asia-northeast1.600.out max: 10169
data.GCP-asia-southeast1.591.out max: 2989
data.GCP-asia-southeast1.597.out max: 5201
data.GCP-europe-west1.399.out max: 8627
data.GCP-europe-west4.582.out max: 9393
data.GCP-us-central1.293.out max: 4586
data.GCP-us-central1.303.out max: 4216
data.GCP-us-central1.326.out max: 3937
data.GCP-us-central1.458.out max: 9926
data.GCP-us-central1.476.out max: 10029
data.GCP-us-central1.543.out max: 6777
data.GCP-us-central1.567.out max: 8780
data.GCP-us-east1.289.out max: 4267
data.GCP-us-east1.315.out max: 4205
data.GCP-us-east1.336.out max: 4406
data.GCP-us-east1.404.out max: 8908
data.GCP-us-east1.417.out max: 9078
data.GCP-us-east1.434.out max: 8234
data.GCP-us-east1.449.out max: 7766
data.GCP-us-east1.467.out max: 8338
data.GCP-us-east1.555.out max: 9076
data.GCP-us-east1.576.out max: 5304
data.GCP-us-west1.291.out max: 4574
data.GCP-us-west1.310.out max: 4476
data.GCP-us-west1.334.out max: 4340
data.GCP-us-west1.395.out max: 9176
data.GCP-us-west1.409.out max: 9303
data.GCP-us-west1.422.out max: 9423
data.GCP-us-west1.440.out max: 8877
data.GCP-us-west1.455.out max: 8807
data.GCP-us-west1.473.out max: 8265
data.GCP-us-west1.575.out max: 7765
data.GCP-us-west1.579.out max: 6793
data.GCP-us-west1.588.out max: 10419
standard.data.GCP-us-east1.485.out max: 10158
standard.data.GCP-us-east1.494.out max: 10223
standard.data.GCP-us-east1.507.out max: 9558
standard.data.GCP-us-east1.531.out max: 10629
standard.data.GCP-us-west1.488.out max: 2481
standard.data.GCP-us-west1.497.out max: 2537
standard.data.GCP-us-west1.516.out max: 2534
