all-regions.multi-max.all.373.out mean: 4884
all-regions.multi-max.all.382.out mean: 4931
all-regions.multi-max.AWS.373.out mean: 2705
all-regions.multi-max.AWS.382.out mean: 3038
all-regions.multi-max.AZURE.373.out mean: 2113
all-regions.multi-max.AZURE.382.out mean: 2103
all-regions.multi-max.GCP.373.out mean: 1617
all-regions.multi-max.GCP.382.out mean: 1644
all-regions.multi-max-long.all.658.out mean: 5122
all-regions.multi-max-long.all.667.out mean: 5514
all-regions.multi-max-long.AWS.658.out mean: 4103
all-regions.multi-max-long.AWS.667.out mean: 4240
all-regions.multi-max-long.AZURE.658.out mean: 2007
all-regions.multi-max-long.AZURE.667.out mean: 1912
all-regions.multi-max-long.GCP.658.out mean: 1704
all-regions.multi-max-long.GCP.667.out mean: 1827
all-regions.multi-world-gsusc.all.821.out mean: 20888
all-regions.multi-world-gsusc.all.843.out mean: 25707
all-regions.multi-world-gsusc.AWS.821.out mean: 14163
all-regions.multi-world-gsusc.AWS.843.out mean: 15642
all-regions.multi-world-gsusc.AZURE.821.out mean: 8773
all-regions.multi-world-gsusc.AZURE.843.out mean: 9072
all-regions.multi-world-gsusc.GCP.821.out mean: 13823
all-regions.multi-world-gsusc.GCP.843.out mean: 13293
all-regions.multi-world-long.all.676.out mean: 5138
all-regions.multi-world-long.AWS.676.out mean: 4417
all-regions.multi-world-long.AZURE.676.out mean: 1814
all-regions.multi-world-long.GCP.676.out mean: 2779
all-regions.multi-world-s3usc.all.769.out mean: 7329
all-regions.multi-world-s3usc.all.791.out mean: 4187
all-regions.multi-world-s3usc.AWS.769.out mean: 9256
all-regions.multi-world-s3usc.AWS.791.out mean: 8423
all-regions.multi-world-s3usc.AZURE.769.out mean: 6493
all-regions.multi-world-s3usc.AZURE.791.out mean: 4161
all-regions.multi-world-s3usc.GCP.769.out mean: 2383
all-regions.multi-world-s3usc.GCP.791.out mean: 1452
data.AWS-ap-northeast-1.650.out mean: 1085
data.AWS-ap-northeast-1.700.out mean: 938
data.AWS-ap-southeast-1.647.out mean: 1067
data.AWS-ap-southeast-1.703.out mean: 1087
data.AWS-eu-central-1.636.out mean: 4494
data.AWS-eu-central-1.706.out mean: 4766
data.AWS-eu-central-1.742.out mean: 4942
data.AWS-eu-west-1.630.out mean: 8183
data.AWS-eu-west-1.709.out mean: 4654
data.AWS-eu-west-1.745.out mean: 5983
data.AWS-us-east-1.265.out mean: 6018
data.AWS-us-east-1.277.out mean: 6202
data.AWS-us-east-1.297.out mean: 5745
data.AWS-us-east-1.318.out mean: 4951
data.AWS-us-east-1.500.out mean: 6283
data.AWS-us-east-1.525.out mean: 5822
data.AWS-us-east-1.549.out mean: 6101
data.AWS-us-east-1.641.out mean: 6401
data.AWS-us-east-2.603.out mean: 5784
data.AWS-us-east-2.727.out mean: 4835
data.AWS-us-west-2.255.out mean: 5488
data.AWS-us-west-2.260.out mean: 5177
data.AWS-us-west-2.274.out mean: 4970
data.AWS-us-west-2.286.out mean: 4960
data.AWS-us-west-2.308.out mean: 2610
data.AWS-us-west-2.332.out mean: 2681
data.AWS-us-west-2.513.out mean: 2633
data.AWS-us-west-2.537.out mean: 2453
data.AWS-us-west-2.561.out mean: 2655
data.AWS-us-west-2.644.out mean: 5142
data.AZURE-australiaeast.624.out mean: 1873
data.AZURE-australiaeast.712.out mean: 1432
data.AZURE-CanadaCentral.609.out mean: 2964
data.AZURE-CanadaCentral.615.out mean: 2988
data.AZURE-eastus.267.out mean: 2999
data.AZURE-eastus.279.out mean: 2307
data.AZURE-eastus.299.out mean: 3032
data.AZURE-eastus.321.out mean: 3089
data.AZURE-eastus.402.out mean: 3073
data.AZURE-eastus.415.out mean: 3077
data.AZURE-eastus.432.out mean: 3074
data.AZURE-eastus.446.out mean: 3123
data.AZURE-eastus.464.out mean: 3104
data.AZURE-eastus.528.out mean: 3049
data.AZURE-eastus.552.out mean: 3085
data.AZURE-japaneast.627.out mean: 2075
data.AZURE-japaneast.715.out mean: 2873
data.AZURE-southcentralus.262.out mean: 2810
data.AZURE-southcentralus.269.out mean: 3060
data.AZURE-southcentralus.281.out mean: 2308
data.AZURE-southcentralus.301.out mean: 2977
data.AZURE-southcentralus.313.out mean: 2873
data.AZURE-southcentralus.324.out mean: 3083
data.AZURE-southcentralus.412.out mean: 2964
data.AZURE-southcentralus.427.out mean: 2988
data.AZURE-southcentralus.443.out mean: 2891
data.AZURE-southcentralus.461.out mean: 3055
data.AZURE-southcentralus.522.out mean: 2785
data.AZURE-southcentralus.546.out mean: 3051
data.AZURE-southeastasia.618.out mean: 1774
data.AZURE-southeastasia.718.out mean: 1251
data.AZURE-uksouth.621.out mean: 1996
data.AZURE-uksouth.721.out mean: 2960
data.AZURE-uksouth.751.out mean: 2872
data.AZURE-westeurope.606.out mean: 2886
data.AZURE-westeurope.612.out mean: 2995
data.AZURE-westeurope.724.out mean: 2459
data.AZURE-westeurope.748.out mean: 2872
data.AZURE-westus2.257.out mean: 2878
data.AZURE-westus2.271.out mean: 3075
data.AZURE-westus2.283.out mean: 2241
data.AZURE-westus2.329.out mean: 3086
data.AZURE-westus2.393.out mean: 2391
data.AZURE-westus2.407.out mean: 3034
data.AZURE-westus2.420.out mean: 3067
data.AZURE-westus2.437.out mean: 2992
data.AZURE-westus2.452.out mean: 3057
data.AZURE-westus2.470.out mean: 3090
data.AZURE-westus2.510.out mean: 2874
data.AZURE-westus2.534.out mean: 2255
data.AZURE-westus2.558.out mean: 3037
data.GCP-asia-east1.585.out mean: 7394
data.GCP-asia-east1.736.out mean: 3978
data.GCP-asia-northeast1.594.out mean: 7656
data.GCP-asia-northeast1.600.out mean: 7757
data.GCP-asia-northeast1.733.out mean: 3990
data.GCP-asia-southeast1.591.out mean: 1745
data.GCP-asia-southeast1.597.out mean: 1945
data.GCP-asia-southeast1.739.out mean: 2577
data.GCP-europe-west1.399.out mean: 2907
data.GCP-europe-west4.582.out mean: 3319
data.GCP-europe-west4.730.out mean: 2453
data.GCP-us-central1.293.out mean: 2203
data.GCP-us-central1.303.out mean: 1976
data.GCP-us-central1.326.out mean: 1968
data.GCP-us-central1.458.out mean: 1600
data.GCP-us-central1.476.out mean: 1770
data.GCP-us-central1.543.out mean: 1911
data.GCP-us-central1.567.out mean: 1978
data.GCP-us-east1.289.out mean: 2548
data.GCP-us-east1.315.out mean: 1963
data.GCP-us-east1.336.out mean: 2191
data.GCP-us-east1.404.out mean: 2085
data.GCP-us-east1.417.out mean: 1880
data.GCP-us-east1.434.out mean: 2120
data.GCP-us-east1.449.out mean: 1939
data.GCP-us-east1.467.out mean: 2143
data.GCP-us-east1.555.out mean: 2187
data.GCP-us-east1.576.out mean: 1506
data.GCP-us-west1.291.out mean: 2108
data.GCP-us-west1.310.out mean: 2377
data.GCP-us-west1.334.out mean: 2248
data.GCP-us-west1.395.out mean: 2760
data.GCP-us-west1.409.out mean: 2426
data.GCP-us-west1.422.out mean: 2375
data.GCP-us-west1.440.out mean: 2445
data.GCP-us-west1.455.out mean: 2063
data.GCP-us-west1.473.out mean: 2205
data.GCP-us-west1.575.out mean: 1253
data.GCP-us-west1.579.out mean: 2931
data.GCP-us-west1.588.out mean: 4788
standard.data.GCP-us-east1.485.out mean: 5149
standard.data.GCP-us-east1.494.out mean: 4974
standard.data.GCP-us-east1.507.out mean: 3204
standard.data.GCP-us-east1.531.out mean: 4919
standard.data.GCP-us-west1.488.out mean: 2100
standard.data.GCP-us-west1.497.out mean: 2188
standard.data.GCP-us-west1.516.out mean: 2117
