all-regions.multi-max.all.373.out top5 mean: 8371
all-regions.multi-max.all.382.out top5 mean: 8170
all-regions.multi-max.AWS.373.out top5 mean: 3731
all-regions.multi-max.AWS.382.out top5 mean: 3860
all-regions.multi-max.AZURE.373.out top5 mean: 2327
all-regions.multi-max.AZURE.382.out top5 mean: 2326
all-regions.multi-max.GCP.373.out top5 mean: 2930
all-regions.multi-max.GCP.382.out top5 mean: 2447
all-regions.multi-max-long.all.658.out top5 mean: 8945
all-regions.multi-max-long.all.667.out top5 mean: 9099
all-regions.multi-max-long.AWS.658.out top5 mean: 4477
all-regions.multi-max-long.AWS.667.out top5 mean: 4476
all-regions.multi-max-long.AZURE.658.out top5 mean: 2247
all-regions.multi-max-long.AZURE.667.out top5 mean: 2228
all-regions.multi-max-long.GCP.658.out top5 mean: 3322
all-regions.multi-max-long.GCP.667.out top5 mean: 3156
all-regions.multi-world-gsusc.all.821.out top5 mean: 32661
all-regions.multi-world-gsusc.all.843.out top5 mean: 38055
all-regions.multi-world-gsusc.AWS.821.out top5 mean: 14163
all-regions.multi-world-gsusc.AWS.843.out top5 mean: 15642
all-regions.multi-world-gsusc.AZURE.821.out top5 mean: 11216
all-regions.multi-world-gsusc.AZURE.843.out top5 mean: 11469
all-regions.multi-world-gsusc.GCP.821.out top5 mean: 13823
all-regions.multi-world-gsusc.GCP.843.out top5 mean: 13293
all-regions.multi-world-long.all.676.out top5 mean: 10895
all-regions.multi-world-long.AWS.676.out top5 mean: 5305
all-regions.multi-world-long.AZURE.676.out top5 mean: 2356
all-regions.multi-world-long.GCP.676.out top5 mean: 4073
all-regions.multi-world-long-gsusc.all.892.out top5 mean: 31123
all-regions.multi-world-long-gsusc.all.914.out top5 mean: 33562
all-regions.multi-world-long-gsusc.AWS.892.out top5 mean: 12798
all-regions.multi-world-long-gsusc.AWS.914.out top5 mean: 13535
all-regions.multi-world-long-gsusc.AZURE.892.out top5 mean: 10976
all-regions.multi-world-long-gsusc.AZURE.914.out top5 mean: 11535
all-regions.multi-world-long-gsusc.GCP.892.out top5 mean: 16107
all-regions.multi-world-long-gsusc.GCP.914.out top5 mean: 17850
all-regions.multi-world-s3usc.all.769.out top5 mean: 25932
all-regions.multi-world-s3usc.all.791.out top5 mean: 22475
all-regions.multi-world-s3usc.AWS.769.out top5 mean: 12086
all-regions.multi-world-s3usc.AWS.791.out top5 mean: 9655
all-regions.multi-world-s3usc.AZURE.769.out top5 mean: 7291
all-regions.multi-world-s3usc.AZURE.791.out top5 mean: 7416
all-regions.multi-world-s3usc.GCP.769.out top5 mean: 8275
all-regions.multi-world-s3usc.GCP.791.out top5 mean: 5959
data.AWS-ap-northeast-1.650.out top5 mean: 1292
data.AWS-ap-northeast-1.700.out top5 mean: 1310
data.AWS-ap-southeast-1.647.out top5 mean: 1285
data.AWS-ap-southeast-1.703.out top5 mean: 1248
data.AWS-eu-central-1.636.out top5 mean: 4968
data.AWS-eu-central-1.706.out top5 mean: 5394
data.AWS-eu-central-1.742.out top5 mean: 7807
data.AWS-eu-west-1.630.out top5 mean: 9026
data.AWS-eu-west-1.709.out top5 mean: 5229
data.AWS-eu-west-1.745.out top5 mean: 6669
data.AWS-us-east-1.265.out top5 mean: 6600
data.AWS-us-east-1.277.out top5 mean: 6833
data.AWS-us-east-1.297.out top5 mean: 6079
data.AWS-us-east-1.318.out top5 mean: 6063
data.AWS-us-east-1.500.out top5 mean: 6659
data.AWS-us-east-1.525.out top5 mean: 6713
data.AWS-us-east-1.549.out top5 mean: 6600
data.AWS-us-east-1.641.out top5 mean: 6912
data.AWS-us-east-2.603.out top5 mean: 6407
data.AWS-us-east-2.727.out top5 mean: 6681
data.AWS-us-west-2.255.out top5 mean: 6853
data.AWS-us-west-2.260.out top5 mean: 6534
data.AWS-us-west-2.274.out top5 mean: 6472
data.AWS-us-west-2.286.out top5 mean: 6184
data.AWS-us-west-2.308.out top5 mean: 3624
data.AWS-us-west-2.332.out top5 mean: 3728
data.AWS-us-west-2.513.out top5 mean: 3772
data.AWS-us-west-2.537.out top5 mean: 3706
data.AWS-us-west-2.561.out top5 mean: 3821
data.AWS-us-west-2.644.out top5 mean: 6664
data.AZURE-australiaeast.624.out top5 mean: 2273
data.AZURE-australiaeast.712.out top5 mean: 3352
data.AZURE-CanadaCentral.609.out top5 mean: 3453
data.AZURE-CanadaCentral.615.out top5 mean: 3512
data.AZURE-eastus.267.out top5 mean: 3368
data.AZURE-eastus.279.out top5 mean: 2629
data.AZURE-eastus.299.out top5 mean: 3371
data.AZURE-eastus.321.out top5 mean: 3551
data.AZURE-eastus.402.out top5 mean: 3570
data.AZURE-eastus.415.out top5 mean: 3617
data.AZURE-eastus.432.out top5 mean: 3602
data.AZURE-eastus.446.out top5 mean: 3626
data.AZURE-eastus.464.out top5 mean: 3687
data.AZURE-eastus.528.out top5 mean: 3440
data.AZURE-eastus.552.out top5 mean: 3604
data.AZURE-japaneast.627.out top5 mean: 2467
data.AZURE-japaneast.715.out top5 mean: 3459
data.AZURE-southcentralus.262.out top5 mean: 3213
data.AZURE-southcentralus.269.out top5 mean: 3479
data.AZURE-southcentralus.281.out top5 mean: 2663
data.AZURE-southcentralus.301.out top5 mean: 3411
data.AZURE-southcentralus.313.out top5 mean: 3387
data.AZURE-southcentralus.324.out top5 mean: 3469
data.AZURE-southcentralus.412.out top5 mean: 3530
data.AZURE-southcentralus.427.out top5 mean: 3516
data.AZURE-southcentralus.443.out top5 mean: 3452
data.AZURE-southcentralus.461.out top5 mean: 3581
data.AZURE-southcentralus.522.out top5 mean: 3377
data.AZURE-southcentralus.546.out top5 mean: 3502
data.AZURE-southeastasia.618.out top5 mean: 2174
data.AZURE-southeastasia.718.out top5 mean: 3448
data.AZURE-uksouth.621.out top5 mean: 2393
data.AZURE-uksouth.721.out top5 mean: 3408
data.AZURE-uksouth.751.out top5 mean: 3317
data.AZURE-westeurope.606.out top5 mean: 3523
data.AZURE-westeurope.612.out top5 mean: 3407
data.AZURE-westeurope.724.out top5 mean: 3472
data.AZURE-westeurope.748.out top5 mean: 3408
data.AZURE-westus2.257.out top5 mean: 3343
data.AZURE-westus2.271.out top5 mean: 3580
data.AZURE-westus2.283.out top5 mean: 2617
data.AZURE-westus2.329.out top5 mean: 3598
data.AZURE-westus2.393.out top5 mean: 2740
data.AZURE-westus2.407.out top5 mean: 3364
data.AZURE-westus2.420.out top5 mean: 3580
data.AZURE-westus2.437.out top5 mean: 3565
data.AZURE-westus2.452.out top5 mean: 3462
data.AZURE-westus2.470.out top5 mean: 3592
data.AZURE-westus2.510.out top5 mean: 3325
data.AZURE-westus2.534.out top5 mean: 3356
data.AZURE-westus2.558.out top5 mean: 3545
data.GCP-asia-east1.585.out top5 mean: 9608
data.GCP-asia-east1.736.out top5 mean: 9275
data.GCP-asia-northeast1.594.out top5 mean: 9753
data.GCP-asia-northeast1.600.out top5 mean: 9847
data.GCP-asia-northeast1.733.out top5 mean: 9357
data.GCP-asia-southeast1.591.out top5 mean: 2770
data.GCP-asia-southeast1.597.out top5 mean: 4686
data.GCP-asia-southeast1.739.out top5 mean: 9298
data.GCP-europe-west1.399.out top5 mean: 8061
data.GCP-europe-west4.582.out top5 mean: 8203
data.GCP-europe-west4.730.out top5 mean: 8586
data.GCP-us-central1.293.out top5 mean: 4498
data.GCP-us-central1.303.out top5 mean: 4050
data.GCP-us-central1.326.out top5 mean: 3608
data.GCP-us-central1.458.out top5 mean: 7931
data.GCP-us-central1.476.out top5 mean: 9487
data.GCP-us-central1.543.out top5 mean: 5077
data.GCP-us-central1.567.out top5 mean: 7231
data.GCP-us-east1.289.out top5 mean: 4189
data.GCP-us-east1.315.out top5 mean: 3815
data.GCP-us-east1.336.out top5 mean: 4012
data.GCP-us-east1.404.out top5 mean: 8082
data.GCP-us-east1.417.out top5 mean: 8123
data.GCP-us-east1.434.out top5 mean: 6581
data.GCP-us-east1.449.out top5 mean: 6541
data.GCP-us-east1.467.out top5 mean: 6660
data.GCP-us-east1.555.out top5 mean: 8369
data.GCP-us-east1.576.out top5 mean: 3573
data.GCP-us-west1.291.out top5 mean: 4202
data.GCP-us-west1.310.out top5 mean: 4165
data.GCP-us-west1.334.out top5 mean: 4154
data.GCP-us-west1.395.out top5 mean: 8009
data.GCP-us-west1.409.out top5 mean: 8711
data.GCP-us-west1.422.out top5 mean: 8708
data.GCP-us-west1.440.out top5 mean: 7941
data.GCP-us-west1.455.out top5 mean: 7084
data.GCP-us-west1.473.out top5 mean: 7727
data.GCP-us-west1.575.out top5 mean: 6372
data.GCP-us-west1.579.out top5 mean: 5675
data.GCP-us-west1.588.out top5 mean: 9828
standard.data.GCP-us-east1.485.out top5 mean: 9905
standard.data.GCP-us-east1.494.out top5 mean: 9941
standard.data.GCP-us-east1.507.out top5 mean: 9075
standard.data.GCP-us-east1.531.out top5 mean: 10035
standard.data.GCP-us-west1.488.out top5 mean: 2438
standard.data.GCP-us-west1.497.out top5 mean: 2513
standard.data.GCP-us-west1.516.out top5 mean: 2451
